../drivers/Drivers/STM32F4xx_HAL_Driver/Src/stm32f4xx_hal_smartcard.c:299:19:HAL_SMARTCARD_Init	16	static
../drivers/Drivers/STM32F4xx_HAL_Driver/Src/stm32f4xx_hal_smartcard.c:378:19:HAL_SMARTCARD_DeInit	16	static
../drivers/Drivers/STM32F4xx_HAL_Driver/Src/stm32f4xx_hal_smartcard.c:422:13:HAL_SMARTCARD_MspInit	16	static
../drivers/Drivers/STM32F4xx_HAL_Driver/Src/stm32f4xx_hal_smartcard.c:438:13:HAL_SMARTCARD_MspDeInit	16	static
../drivers/Drivers/STM32F4xx_HAL_Driver/Src/stm32f4xx_hal_smartcard.c:754:19:HAL_SMARTCARD_Transmit	40	static
../drivers/Drivers/STM32F4xx_HAL_Driver/Src/stm32f4xx_hal_smartcard.c:816:19:HAL_SMARTCARD_Receive	40	static
../drivers/Drivers/STM32F4xx_HAL_Driver/Src/stm32f4xx_hal_smartcard.c:874:19:HAL_SMARTCARD_Transmit_IT	24	static
../drivers/Drivers/STM32F4xx_HAL_Driver/Src/stm32f4xx_hal_smartcard.c:922:19:HAL_SMARTCARD_Receive_IT	24	static
../drivers/Drivers/STM32F4xx_HAL_Driver/Src/stm32f4xx_hal_smartcard.c:967:19:HAL_SMARTCARD_Transmit_DMA	32	static
../drivers/Drivers/STM32F4xx_HAL_Driver/Src/stm32f4xx_hal_smartcard.c:1043:19:HAL_SMARTCARD_Receive_DMA	32	static
../drivers/Drivers/STM32F4xx_HAL_Driver/Src/stm32f4xx_hal_smartcard.c:1127:19:HAL_SMARTCARD_Abort	16	static
../drivers/Drivers/STM32F4xx_HAL_Driver/Src/stm32f4xx_hal_smartcard.c:1191:19:HAL_SMARTCARD_AbortTransmit	16	static
../drivers/Drivers/STM32F4xx_HAL_Driver/Src/stm32f4xx_hal_smartcard.c:1233:19:HAL_SMARTCARD_AbortReceive	16	static
../drivers/Drivers/STM32F4xx_HAL_Driver/Src/stm32f4xx_hal_smartcard.c:1278:19:HAL_SMARTCARD_Abort_IT	24	static
../drivers/Drivers/STM32F4xx_HAL_Driver/Src/stm32f4xx_hal_smartcard.c:1405:19:HAL_SMARTCARD_AbortTransmit_IT	16	static
../drivers/Drivers/STM32F4xx_HAL_Driver/Src/stm32f4xx_hal_smartcard.c:1482:19:HAL_SMARTCARD_AbortReceive_IT	16	static
../drivers/Drivers/STM32F4xx_HAL_Driver/Src/stm32f4xx_hal_smartcard.c:1552:6:HAL_SMARTCARD_IRQHandler	40	static
../drivers/Drivers/STM32F4xx_HAL_Driver/Src/stm32f4xx_hal_smartcard.c:1694:13:HAL_SMARTCARD_TxCpltCallback	16	static
../drivers/Drivers/STM32F4xx_HAL_Driver/Src/stm32f4xx_hal_smartcard.c:1710:13:HAL_SMARTCARD_RxCpltCallback	16	static
../drivers/Drivers/STM32F4xx_HAL_Driver/Src/stm32f4xx_hal_smartcard.c:1726:13:HAL_SMARTCARD_ErrorCallback	16	static
../drivers/Drivers/STM32F4xx_HAL_Driver/Src/stm32f4xx_hal_smartcard.c:1741:13:HAL_SMARTCARD_AbortCpltCallback	16	static
../drivers/Drivers/STM32F4xx_HAL_Driver/Src/stm32f4xx_hal_smartcard.c:1756:13:HAL_SMARTCARD_AbortTransmitCpltCallback	16	static
../drivers/Drivers/STM32F4xx_HAL_Driver/Src/stm32f4xx_hal_smartcard.c:1771:13:HAL_SMARTCARD_AbortReceiveCpltCallback	16	static
../drivers/Drivers/STM32F4xx_HAL_Driver/Src/stm32f4xx_hal_smartcard.c:1806:28:HAL_SMARTCARD_GetState	24	static
../drivers/Drivers/STM32F4xx_HAL_Driver/Src/stm32f4xx_hal_smartcard.c:1821:10:HAL_SMARTCARD_GetError	16	static
../drivers/Drivers/STM32F4xx_HAL_Driver/Src/stm32f4xx_hal_smartcard.c:1863:13:SMARTCARD_DMATransmitCplt	24	static
../drivers/Drivers/STM32F4xx_HAL_Driver/Src/stm32f4xx_hal_smartcard.c:1883:13:SMARTCARD_DMAReceiveCplt	24	static
../drivers/Drivers/STM32F4xx_HAL_Driver/Src/stm32f4xx_hal_smartcard.c:1915:13:SMARTCARD_DMAError	24	static
../drivers/Drivers/STM32F4xx_HAL_Driver/Src/stm32f4xx_hal_smartcard.c:1957:26:SMARTCARD_WaitOnFlagUntilTimeout	24	static
../drivers/Drivers/STM32F4xx_HAL_Driver/Src/stm32f4xx_hal_smartcard.c:1990:13:SMARTCARD_EndTxTransfer	16	static
../drivers/Drivers/STM32F4xx_HAL_Driver/Src/stm32f4xx_hal_smartcard.c:2006:13:SMARTCARD_EndRxTransfer	16	static
../drivers/Drivers/STM32F4xx_HAL_Driver/Src/stm32f4xx_hal_smartcard.c:2022:26:SMARTCARD_Transmit_IT	16	static
../drivers/Drivers/STM32F4xx_HAL_Driver/Src/stm32f4xx_hal_smartcard.c:2054:26:SMARTCARD_EndTransmit_IT	16	static
../drivers/Drivers/STM32F4xx_HAL_Driver/Src/stm32f4xx_hal_smartcard.c:2082:26:SMARTCARD_Receive_IT	16	static
../drivers/Drivers/STM32F4xx_HAL_Driver/Src/stm32f4xx_hal_smartcard.c:2128:13:SMARTCARD_DMAAbortOnError	24	static
../drivers/Drivers/STM32F4xx_HAL_Driver/Src/stm32f4xx_hal_smartcard.c:2151:13:SMARTCARD_DMATxAbortCallback	24	static
../drivers/Drivers/STM32F4xx_HAL_Driver/Src/stm32f4xx_hal_smartcard.c:2194:13:SMARTCARD_DMARxAbortCallback	24	static
../drivers/Drivers/STM32F4xx_HAL_Driver/Src/stm32f4xx_hal_smartcard.c:2237:13:SMARTCARD_DMATxOnlyAbortCallback	24	static
../drivers/Drivers/STM32F4xx_HAL_Driver/Src/stm32f4xx_hal_smartcard.c:2263:13:SMARTCARD_DMARxOnlyAbortCallback	24	static
../drivers/Drivers/STM32F4xx_HAL_Driver/Src/stm32f4xx_hal_smartcard.c:2287:13:SMARTCARD_SetConfig	264	static
